run started: 61c59730-704a-4383-bd0f-66d02ee3ac12
event: Progress: session.updated
event: Progress: message.updated
event: Progress: message.part.updated
event: Progress: session.updated
event: Progress: session.status
event: Progress: message.updated
event: Progress: session.updated
event: Diff: session.diff
event: Progress: message.updated
event: Progress: session.status
event: Progress: message.part.updated
event: Progress: message.part.updated
event: Progress: message.part.delta
event: Progress: message.part.delta
event: Progress: message.part.delta
event: Progress: message.part.delta
event: Progress: message.part.delta
event: Progress: message.part.delta
event: Progress: message.part.delta
event: Progress: message.part.delta
event: Progress: message.part.delta
event: Progress: message.part.delta
event: Progress: message.part.delta
event: Progress: message.part.delta
event: Progress: message.part.delta
event: Progress: message.part.delta
event: Progress: message.part.delta
event: Progress: message.part.delta
event: Progress: message.part.delta
event: Progress: message.part.delta
event: Progress: message.part.delta
event: Progress: message.part.delta
event: Progress: message.part.delta
event: Progress: message.part.delta
event: Progress: message.part.delta
event: Progress: message.part.delta
event: Progress: message.part.delta
event: Progress: message.part.delta
event: Progress: message.part.delta
event: Progress: message.part.delta
event: Progress: message.part.delta
event: Progress: message.part.delta
event: Progress: message.part.delta
event: Progress: message.part.delta
event: Progress: message.part.delta
event: Progress: message.part.delta
event: Progress: message.part.delta
event: Progress: message.part.delta
event: Progress: message.part.delta
event: Progress: message.part.delta
event: Progress: message.part.delta
event: Progress: message.part.delta
event: Progress: message.part.delta
event: Progress: message.part.delta
event: Progress: message.part.delta
event: Progress: message.part.delta
event: Progress: message.part.delta
event: Progress: message.part.delta
event: Progress: message.part.delta
event: Progress: message.part.delta
event: Progress: message.part.delta
event: Progress: message.part.delta
event: Progress: message.part.delta
event: Progress: message.part.delta
event: Progress: message.part.delta
event: Progress: message.part.delta
event: Progress: message.part.delta
event: Progress: message.part.delta
event: Progress: message.part.delta
event: Progress: message.part.delta
event: Progress: message.part.delta
event: Progress: message.part.delta
event: Progress: message.part.delta
event: Progress: message.part.delta
event: Progress: message.part.delta
event: Progress: message.part.delta
event: Progress: message.part.delta
event: Progress: message.part.delta
event: Progress: message.part.delta
event: Progress: message.part.delta
event: Progress: message.part.delta
event: Progress: message.part.delta
event: Progress: message.part.delta
event: Progress: message.part.delta
event: Progress: message.part.delta
event: Progress: message.part.delta
event: Progress: message.part.delta
event: Progress: message.part.delta
event: Progress: message.part.delta
event: Progress: message.part.delta
event: Progress: message.part.delta
event: Progress: message.part.delta
event: Progress: message.part.delta
event: Progress: message.part.delta
event: Progress: message.part.delta
event: Progress: message.part.delta
event: Progress: message.part.delta
event: Progress: message.part.delta
event: Progress: message.part.delta
event: Progress: message.part.delta
event: Progress: message.part.delta
event: Progress: message.part.delta
event: Progress: message.part.delta
event: Progress: message.part.delta
event: Progress: message.part.delta
event: Progress: message.part.delta
event: Progress: message.part.delta
event: Progress: message.part.delta
event: Progress: message.part.delta
event: Progress: message.part.delta
event: Progress: message.part.delta
event: Progress: message.part.delta
event: Progress: message.part.delta
event: Progress: message.part.delta
event: Progress: message.part.delta
event: Progress: message.part.delta
event: Progress: message.part.delta
event: Progress: message.part.updated
event: Progress: message.part.updated
event: Progress: message.part.delta
event: Progress: message.part.delta
event: Progress: message.part.delta
event: Progress: message.part.delta
event: Progress: message.part.delta
event: Progress: message.part.delta
event: Progress: message.part.delta
event: Progress: message.part.delta
event: Progress: message.part.delta
event: Progress: message.part.delta
event: Progress: message.part.delta
event: Progress: message.part.delta
event: Progress: message.part.delta
event: Progress: message.part.updated
event: Progress: message.part.updated
event: Progress: message.part.updated
event: Progress: message.part.updated
event: Progress: message.part.updated
event: Progress: message.part.updated
event: Progress: message.part.updated
event: Progress: message.part.updated
event: Progress: message.updated
event: Progress: message.updated
event: Progress: session.status
event: Progress: message.updated
event: Progress: session.updated
event: Diff: session.diff
event: Progress: session.status
event: Progress: message.updated
event: Progress: message.part.updated
event: Progress: message.part.updated
event: Progress: message.part.delta
event: Progress: message.part.delta
event: Progress: message.part.delta
event: Progress: message.part.delta
event: Progress: message.part.delta
event: Progress: message.part.delta
event: Progress: message.part.delta
event: Progress: message.part.delta
event: Progress: message.part.delta
event: Progress: message.part.delta
event: Progress: message.part.delta
event: Progress: message.part.updated
event: Progress: message.part.updated
event: Progress: message.part.updated
event: Progress: message.part.updated
event: Progress: message.part.updated
event: Progress: message.part.updated
event: Progress: message.part.updated
event: Progress: message.part.updated
event: Progress: message.updated
event: Progress: message.updated
event: Progress: session.status
event: Progress: message.updated
event: Progress: session.updated
event: Diff: session.diff
event: Progress: session.status
event: Progress: message.updated
event: Progress: message.part.updated
event: Progress: message.part.updated
event: Progress: message.part.delta
event: Progress: message.part.delta
event: Progress: message.part.delta
event: Progress: message.part.delta
event: Progress: message.part.delta
event: Progress: message.part.delta
event: Progress: message.part.delta
event: Progress: message.part.delta
event: Progress: message.part.delta
event: Progress: message.part.delta
event: Progress: message.part.delta
event: Progress: message.part.delta
event: Progress: message.part.delta
event: Progress: message.part.delta
event: Progress: message.part.delta
event: Progress: message.part.delta
event: Progress: message.part.delta
event: Progress: message.part.delta
event: Progress: message.part.delta
event: Progress: message.part.delta
event: Progress: message.part.delta
event: Progress: message.part.delta
event: Progress: message.part.delta
event: Progress: message.part.delta
event: Progress: message.part.delta
event: Progress: message.part.delta
event: Progress: message.part.delta
event: Progress: message.part.delta
event: Progress: message.part.delta
event: Progress: message.part.delta
event: Progress: message.part.delta
event: Progress: message.part.delta
event: Progress: message.part.delta
event: Progress: message.part.delta
event: Progress: message.part.delta
event: Progress: message.part.delta
event: Progress: message.part.delta
event: Progress: message.part.delta
event: Progress: message.part.delta
event: Progress: message.part.delta
event: Progress: message.part.delta
event: Progress: message.part.delta
event: Progress: message.part.delta
event: Progress: message.part.delta
event: Progress: message.part.delta
event: Progress: message.part.delta
event: Progress: message.part.delta
event: Progress: message.part.delta
event: Progress: message.part.delta
event: Progress: message.part.delta
event: Progress: message.part.delta
event: Progress: message.part.delta
event: Progress: message.part.delta
event: Progress: message.part.delta
event: Progress: message.part.delta
event: Progress: message.part.delta
event: Progress: message.part.delta
event: Progress: message.part.delta
event: Progress: message.part.updated
event: Progress: message.part.updated
event: Progress: message.part.delta
event: Progress: message.part.delta
event: Progress: message.part.delta
event: Progress: message.part.delta
event: Progress: message.part.delta
event: Progress: message.part.delta
event: Progress: message.part.delta
event: Progress: message.part.delta
event: Progress: message.part.delta
event: Progress: message.part.delta
event: Progress: message.part.delta
event: Progress: message.part.delta
event: Progress: message.part.delta
event: Progress: message.part.delta
event: Progress: message.part.delta
event: Progress: message.part.delta
event: Progress: message.part.delta
event: Progress: message.part.delta
event: Progress: message.part.delta
event: Progress: message.part.delta
event: Progress: message.part.delta
event: Progress: message.part.delta
event: Progress: message.part.delta
event: Progress: message.part.delta
event: Progress: message.part.delta
event: Progress: message.part.delta
event: Progress: message.part.delta
event: Progress: message.part.delta
event: Progress: message.part.delta
event: Progress: message.part.delta
event: Progress: message.part.delta
event: Progress: message.part.delta
event: Progress: message.part.delta
event: Progress: message.part.delta
event: Progress: message.part.delta
event: Progress: message.part.delta
event: Progress: message.part.delta
event: Progress: message.part.updated
event: Progress: message.part.updated
event: Progress: message.part.updated
event: Progress: message.part.updated
event: Progress: message.part.updated
event: Progress: message.part.updated
event: Progress: message.part.updated
permission pending: per_123f9f8820016HEBpiXU5HEKR3: OpenCode requests bash permission
event: PermissionRequest: OpenCode requests bash permission
permission resolved: per_123f9f8820016HEBpiXU5HEKR3
event: Permission per_123f9f8820016HEBpiXU5HEKR3: AllowedOnce
event: Progress: permission.replied
event: Progress: message.part.updated
event: Progress: message.part.updated
event: Progress: message.part.updated
event: Progress: message.part.updated
event: Progress: message.updated
event: Progress: message.part.updated
event: Progress: message.updated
event: Progress: session.status
event: Progress: message.updated
event: Progress: session.updated
event: Diff: session.diff
event: Progress: session.status
event: Progress: message.updated
event: Progress: message.part.updated
event: Progress: message.part.updated
event: Progress: message.part.delta
event: Progress: message.part.delta
event: Progress: message.part.delta
event: Progress: message.part.delta
event: Progress: message.part.delta
event: Progress: message.part.delta
event: Progress: message.part.delta
event: Progress: message.part.delta
event: Progress: message.part.delta
event: Progress: message.part.delta
event: Progress: message.part.delta
event: Progress: message.part.delta
event: Progress: message.part.delta
event: Progress: message.part.delta
event: Progress: message.part.delta
event: Progress: message.part.delta
event: Progress: message.part.delta
event: Progress: message.part.delta
event: Progress: message.part.delta
event: Progress: message.part.delta
event: Progress: message.part.delta
event: Progress: message.part.delta
event: Progress: message.part.delta
event: Progress: message.part.delta
event: Progress: message.part.delta
event: Progress: message.part.delta
event: Progress: message.part.delta
event: Progress: message.part.delta
event: Progress: message.part.delta
event: Progress: message.part.delta
event: Progress: message.part.delta
event: Progress: message.part.delta
event: Progress: message.part.delta
event: Progress: message.part.delta
event: Progress: message.part.delta
event: Progress: message.part.delta
event: Progress: message.part.delta
event: Progress: message.part.delta
event: Progress: message.part.delta
event: Progress: message.part.delta
event: Progress: message.part.updated
event: Progress: message.part.updated
event: Progress: message.part.delta
event: Progress: message.part.delta
event: Progress: message.part.delta
event: Progress: message.part.delta
event: Progress: message.part.delta
event: Progress: message.part.delta
event: Progress: message.part.delta
event: Progress: message.part.delta
event: Progress: message.part.delta
event: Progress: message.part.delta
event: Progress: message.part.delta
event: Progress: message.part.delta
event: Progress: message.part.delta
event: Progress: message.part.delta
event: Progress: message.part.delta
event: Progress: message.part.delta
event: Progress: message.part.delta
event: Progress: message.part.delta
event: Progress: message.part.delta
event: Progress: message.part.delta
event: Progress: message.part.delta
event: Progress: message.part.updated
permission pending: per_123fa5007001c0s0Zq2Di6e1sR: OpenCode requests bash permission
event: PermissionRequest: OpenCode requests bash permission
event: Progress: message.part.updated
event: Progress: message.part.updated
permission resolved: per_123fa5007001c0s0Zq2Di6e1sR
event: Permission per_123fa5007001c0s0Zq2Di6e1sR: AllowedOnce
event: Progress: permission.replied
event: Progress: message.part.updated
event: Progress: message.part.updated
event: Progress: message.part.updated
event: Progress: message.part.updated
event: Progress: message.part.updated
event: Progress: message.part.updated
event: Progress: message.part.updated
event: Progress: message.part.updated
event: Progress: message.part.updated
event: Progress: message.part.updated
event: Progress: message.part.updated
event: Progress: message.updated
event: Progress: message.part.updated
event: Progress: message.updated
event: Progress: session.status
event: Progress: message.updated
event: Progress: session.updated
event: Diff: session.diff
event: Progress: session.status
event: Progress: message.updated
event: Progress: message.part.updated
event: Progress: message.part.updated
event: Progress: message.part.delta
event: Progress: message.part.delta
event: Progress: message.part.delta
event: Progress: message.part.delta
event: Progress: message.part.delta
event: Progress: message.part.delta
event: Progress: message.part.delta
event: Progress: message.part.delta
event: Progress: message.part.delta
event: Progress: message.part.delta
event: Progress: message.part.delta
event: Progress: message.part.delta
event: Progress: message.part.delta
event: Progress: message.part.delta
event: Progress: message.part.delta
event: Progress: message.part.delta
event: Progress: message.part.delta
event: Progress: message.part.delta
event: Progress: message.part.delta
event: Progress: message.part.delta
event: Progress: message.part.delta
event: Progress: message.part.delta
event: Progress: message.part.delta
event: Progress: message.part.delta
event: Progress: message.part.delta
event: Progress: message.part.delta
event: Progress: message.part.delta
event: Progress: message.part.delta
event: Progress: message.part.delta
event: Progress: message.part.delta
event: Progress: message.part.delta
event: Progress: message.part.delta
event: Progress: message.part.delta
event: Progress: message.part.delta
event: Progress: message.part.delta
event: Progress: message.part.delta
event: Progress: message.part.delta
event: Progress: message.part.delta
event: Progress: message.part.delta
event: Progress: message.part.delta
event: Progress: message.part.delta
event: Progress: message.part.delta
event: Progress: message.part.delta
event: Progress: message.part.delta
event: Progress: message.part.delta
event: Progress: message.part.delta
event: Progress: message.part.delta
event: Progress: message.part.delta
event: Progress: message.part.delta
event: Progress: message.part.delta
event: Progress: message.part.delta
event: Progress: message.part.delta
event: Progress: message.part.delta
event: Progress: message.part.delta
event: Progress: message.part.delta
event: Progress: message.part.delta
event: Progress: message.part.delta
event: Progress: message.part.delta
event: Progress: message.part.delta
event: Progress: message.part.delta
event: Progress: message.part.delta
event: Progress: message.part.delta
event: Progress: message.part.delta
event: Progress: message.part.delta
event: Progress: message.part.delta
event: Progress: message.part.delta
event: Progress: message.part.delta
event: Progress: message.part.delta
event: Progress: message.part.delta
event: Progress: message.part.delta
event: Progress: message.part.delta
event: Progress: message.part.updated
event: Progress: message.part.updated
event: Progress: message.part.delta
event: Progress: message.part.delta
event: Progress: message.part.delta
event: Progress: message.part.delta
event: Progress: message.part.delta
event: Progress: message.part.delta
event: Progress: message.part.delta
event: Progress: message.part.delta
event: Progress: message.part.delta
event: Progress: message.part.delta
event: Progress: message.part.delta
event: Progress: message.part.delta
event: Progress: message.part.delta
event: Progress: message.part.delta
event: Progress: message.part.delta
event: Progress: message.part.delta
event: Progress: message.part.delta
event: Progress: message.part.delta
event: Progress: message.part.delta
event: Progress: message.part.delta
event: Progress: message.part.delta
event: Progress: message.part.delta
event: Progress: message.part.delta
event: Progress: message.part.delta
event: Progress: message.part.updated
permission pending: per_123fab4280017DY7v95KCTZtzs: OpenCode requests bash permission
event: PermissionRequest: OpenCode requests bash permission
event: Progress: message.part.updated
event: Progress: message.part.updated
permission resolved: per_123fab4280017DY7v95KCTZtzs
event: Permission per_123fab4280017DY7v95KCTZtzs: AllowedOnce
event: Progress: permission.replied
event: Progress: message.part.updated
event: Progress: message.part.updated
event: Progress: message.part.updated
event: Progress: message.part.updated
event: Progress: message.part.updated
event: Progress: message.updated
event: Progress: message.updated
event: Progress: session.status
event: Progress: message.updated
event: Progress: session.updated
event: Diff: session.diff
event: Progress: session.status
event: Progress: message.updated
event: Progress: message.part.updated
event: Progress: message.part.updated
event: Progress: message.part.delta
event: Progress: message.part.delta
event: Progress: message.part.delta
event: Progress: message.part.delta
event: Progress: message.part.delta
event: Progress: message.part.delta
event: Progress: message.part.delta
event: Progress: message.part.delta
event: Progress: message.part.delta
event: Progress: message.part.delta
event: Progress: message.part.delta
event: Progress: message.part.delta
event: Progress: message.part.delta
event: Progress: message.part.delta
event: Progress: message.part.delta
event: Progress: message.part.delta
event: Progress: message.part.delta
event: Progress: message.part.delta
event: Progress: message.part.delta
event: Progress: message.part.delta
event: Progress: message.part.delta
event: Progress: message.part.delta
event: Progress: message.part.delta
event: Progress: message.part.delta
event: Progress: message.part.delta
event: Progress: message.part.delta
event: Progress: message.part.delta
event: Progress: message.part.delta
event: Progress: message.part.delta
event: Progress: message.part.delta
event: Progress: message.part.delta
event: Progress: message.part.delta
event: Progress: message.part.delta
event: Progress: message.part.updated
permission pending: per_123fb271e00109lOtR5I85UXtH: OpenCode requests bash permission
event: PermissionRequest: OpenCode requests bash permission
event: Progress: message.part.updated
event: Progress: message.part.updated
permission resolved: per_123fb271e00109lOtR5I85UXtH
event: Permission per_123fb271e00109lOtR5I85UXtH: AllowedOnce
event: Progress: permission.replied
event: Progress: message.part.updated
event: Progress: message.part.updated
event: Progress: message.part.updated
event: Progress: message.part.updated
event: Progress: message.updated
event: Progress: message.updated
event: Progress: session.status
event: Progress: message.updated
event: Progress: session.updated
event: Diff: session.diff
event: Progress: session.status
event: Progress: session.status
event: Progress: message.updated
event: Progress: session.status
event: Progress: session.status
event: Progress: session.status
event: Progress: session.status
event: Progress: session.status
event: Progress: message.part.updated
event: Progress: message.part.updated
event: Progress: message.part.delta
event: Progress: message.part.delta
event: Progress: message.part.delta
event: Progress: message.part.delta
event: Progress: message.part.delta
event: Progress: message.part.delta
event: Progress: message.part.delta
event: Progress: message.part.delta
event: Progress: message.part.delta
event: Progress: message.part.delta
event: Progress: message.part.delta
event: Progress: message.part.delta
event: Progress: message.part.delta
event: Progress: message.part.delta
event: Progress: message.part.delta
event: Progress: message.part.delta
event: Progress: message.part.delta
event: Progress: message.part.delta
event: Progress: message.part.delta
event: Progress: message.part.delta
event: Progress: message.part.delta
event: Progress: message.part.delta
event: Progress: message.part.delta
event: Progress: message.part.delta
event: Progress: message.part.delta
event: Progress: message.part.delta
event: Progress: message.part.delta
event: Progress: message.part.delta
event: Progress: message.part.delta
event: Progress: message.part.delta
event: Progress: message.part.delta
event: Progress: message.part.delta
event: Progress: message.part.delta
event: Progress: message.part.delta
event: Progress: message.part.delta
event: Progress: message.part.delta
event: Progress: message.part.delta
event: Progress: message.part.delta
event: Progress: message.part.delta
event: Progress: message.part.delta
event: Progress: message.part.delta
event: Progress: message.part.delta
event: Progress: message.part.delta
event: Progress: message.part.delta
event: Progress: message.part.delta
event: Progress: message.part.delta
event: Progress: message.part.delta
event: Progress: message.part.delta
event: Progress: message.part.delta
event: Progress: message.part.delta
event: Progress: message.part.delta
event: Progress: message.part.delta
event: Progress: message.part.delta
event: Progress: message.part.delta
event: Progress: message.part.delta
event: Progress: message.part.delta
event: Progress: message.part.delta
event: Progress: message.part.delta
event: Progress: message.part.delta
event: Progress: message.part.delta
event: Progress: message.part.delta
event: Progress: message.part.delta
event: Progress: message.part.delta
event: Progress: message.part.delta
event: Progress: message.part.delta
event: Progress: message.part.delta
event: Progress: message.part.delta
event: Progress: message.part.delta
event: Progress: message.part.delta
event: Progress: message.part.delta
event: Progress: message.part.delta
event: Progress: message.part.delta
event: Progress: message.part.delta
event: Progress: message.part.delta
event: Progress: message.part.delta
event: Progress: message.part.delta
event: Progress: message.part.delta
event: Progress: message.part.delta
event: Progress: message.part.delta
event: Progress: message.part.delta
event: Progress: message.part.delta
event: Progress: message.part.delta
event: Progress: message.part.delta
event: Progress: message.part.delta
event: Progress: message.part.delta
event: Progress: message.part.delta
event: Progress: message.part.delta
event: Progress: message.part.delta
event: Progress: message.part.delta
event: Progress: message.part.delta
event: Progress: message.part.delta
event: Progress: message.part.delta
event: Progress: message.part.delta
event: Progress: message.part.delta
event: Progress: message.part.delta
event: Progress: message.part.delta
event: Progress: message.part.delta
event: Progress: message.part.delta
event: Progress: message.part.delta
event: Progress: message.part.delta
event: Progress: message.part.delta
event: Progress: message.part.delta
event: Progress: message.part.delta
event: Progress: message.part.delta
event: Progress: message.part.delta
event: Progress: message.part.delta
event: Progress: message.part.delta
event: Progress: message.part.delta
event: Progress: message.part.delta
event: Progress: message.part.delta
event: Progress: message.part.delta
event: Progress: message.part.delta
event: Progress: message.part.delta
event: Progress: message.part.delta
event: Progress: message.part.delta
event: Progress: message.part.delta
event: Progress: message.part.delta
event: Progress: message.part.delta
event: Progress: message.part.delta
event: Progress: message.part.delta
event: Progress: message.part.delta
event: Progress: message.part.delta
event: Progress: message.part.delta
event: Progress: message.part.delta
event: Progress: message.part.delta
event: Progress: message.part.delta
event: Progress: message.part.delta
event: Progress: message.part.delta
event: Progress: message.part.delta
event: Progress: message.part.delta
event: Progress: message.part.delta
event: Progress: message.part.delta
event: Progress: message.part.delta
event: Progress: message.part.delta
event: Progress: message.part.delta
event: Progress: message.part.delta
event: Progress: message.part.delta
event: Progress: message.part.delta
event: Progress: message.part.delta
event: Progress: message.part.delta
event: Progress: message.part.delta
event: Progress: message.part.delta
event: Progress: message.part.delta
event: Progress: message.part.delta
event: Progress: message.part.delta
event: Progress: message.part.delta
event: Progress: message.part.delta
event: Progress: message.part.delta
event: Progress: message.part.delta
event: Progress: message.part.delta
event: Progress: message.part.delta
event: Progress: message.part.delta
event: Progress: message.part.delta
event: Progress: message.part.delta
event: Progress: message.part.delta
event: Progress: message.part.delta
event: Progress: message.part.delta
event: Progress: message.part.delta
event: Progress: message.part.delta
event: Progress: message.part.delta
event: Progress: message.part.delta
event: Progress: message.part.delta
event: Progress: message.part.delta
event: Progress: message.part.delta
event: Progress: message.part.delta
event: Progress: message.part.delta
event: Progress: message.part.delta
event: Progress: message.part.delta
event: Progress: message.part.delta
event: Progress: message.part.delta
event: Progress: message.part.delta
event: Progress: message.part.delta
event: Progress: message.part.delta
event: Progress: message.part.delta
event: Progress: message.part.delta
event: Progress: message.part.delta
event: Progress: message.part.delta
event: Progress: message.part.delta
event: Progress: message.part.delta
event: Progress: message.part.delta
event: Progress: message.part.delta
event: Progress: message.part.delta
event: Progress: message.part.delta
event: Progress: message.part.delta
event: Progress: message.part.delta
event: Progress: message.part.delta
event: Progress: message.part.delta
event: Progress: message.part.delta
event: Progress: message.part.delta
event: Progress: message.part.delta
event: Progress: message.part.delta
event: Progress: message.part.delta
event: Progress: message.part.delta
event: Progress: message.part.delta
event: Progress: message.part.delta
event: Progress: message.part.delta
event: Progress: message.part.delta
event: Progress: message.part.delta
event: Progress: message.part.delta
event: Progress: message.part.delta
event: Progress: message.part.delta
event: Progress: message.part.delta
event: Progress: message.part.delta
event: Progress: message.part.delta
event: Progress: message.part.delta
event: Progress: message.part.delta
event: Progress: message.part.delta
event: Progress: message.part.delta
event: Progress: message.part.delta
event: Progress: message.part.delta
event: Progress: message.part.delta
event: Progress: message.part.delta
event: Progress: message.part.delta
event: Progress: message.part.delta
event: Progress: message.part.delta
event: Progress: message.part.delta
event: Progress: message.part.delta
event: Progress: message.part.delta
event: Progress: message.part.delta
event: Progress: message.part.delta
event: Progress: message.part.delta
event: Progress: message.part.delta
event: Progress: message.part.delta
event: Progress: message.part.delta
event: Progress: message.part.delta
event: Progress: message.part.delta
event: Progress: message.part.delta
event: Progress: message.part.delta
event: Progress: message.part.delta
event: Progress: message.part.delta
event: Progress: message.part.delta
event: Progress: message.part.delta
event: Progress: message.part.delta
event: Progress: message.part.delta
event: Progress: message.part.delta
event: Progress: message.part.delta
event: Progress: message.part.delta
event: Progress: message.part.delta
event: Progress: message.part.delta
event: Progress: message.part.delta
event: Progress: message.part.delta
event: Progress: message.part.delta
event: Progress: message.part.delta
event: Progress: message.part.delta
event: Progress: message.part.delta
event: Progress: message.part.delta
event: Progress: message.part.delta
event: Progress: message.part.delta
event: Progress: message.part.delta
event: Progress: message.part.delta
event: Progress: message.part.delta
event: Progress: message.part.delta
event: Progress: message.part.delta
event: Progress: message.part.delta
event: Progress: message.part.delta
event: Progress: message.part.delta
event: Progress: message.part.delta
event: Progress: message.part.delta
event: Progress: message.part.delta
event: Progress: message.part.delta
event: Progress: message.part.delta
event: Progress: message.part.delta
event: Progress: message.part.delta
event: Progress: message.part.delta
event: Progress: message.part.delta
event: Progress: message.part.delta
event: Progress: message.part.delta
event: Progress: message.part.delta
event: Progress: message.part.delta
event: Progress: message.part.delta
event: Progress: message.part.delta
event: Progress: message.part.delta
event: Progress: message.part.delta
event: Progress: message.part.delta
event: Progress: message.part.delta
event: Progress: message.part.delta
event: Progress: message.part.delta
event: Progress: message.part.delta
event: Progress: message.part.delta
event: Progress: message.part.delta
event: Progress: message.part.delta
event: Progress: message.part.delta
event: Progress: message.part.delta
event: Progress: message.part.delta
event: Progress: message.part.updated
event: Progress: message.part.updated
event: Progress: message.part.delta
event: Progress: message.part.delta
event: Progress: message.part.delta
event: Progress: message.part.delta
event: Progress: message.part.delta
event: Progress: message.part.delta
event: Progress: message.part.delta
event: Progress: message.part.delta
event: Progress: message.part.delta
event: Progress: message.part.delta
event: Progress: message.part.delta
event: Progress: message.part.delta
event: Progress: message.part.delta
event: Progress: message.part.delta
event: Progress: message.part.updated
permission pending: per_123fbebc70013r5QjiiqGzXx5E: OpenCode requests bash permission
event: PermissionRequest: OpenCode requests bash permission
event: Progress: message.part.updated
event: Progress: message.part.updated
permission resolved: per_123fbebc70013r5QjiiqGzXx5E
event: Permission per_123fbebc70013r5QjiiqGzXx5E: AllowedOnce
event: Progress: permission.replied
event: Progress: message.part.updated
event: Progress: message.part.updated
event: Progress: message.part.updated
event: Progress: message.part.updated
event: Progress: message.updated
event: Progress: message.updated
event: Progress: session.status
event: Progress: message.updated
event: Progress: session.updated
event: Diff: session.diff
event: Progress: session.status
event: Progress: message.updated
event: Progress: message.part.updated
event: Progress: message.part.updated
event: Progress: message.part.delta
event: Progress: message.part.delta
event: Progress: message.part.delta
event: Progress: message.part.delta
event: Progress: message.part.delta
event: Progress: message.part.delta
event: Progress: message.part.delta
event: Progress: message.part.delta
event: Progress: message.part.delta
event: Progress: message.part.delta
event: Progress: message.part.delta
event: Progress: message.part.delta
event: Progress: message.part.delta
event: Progress: message.part.delta
event: Progress: message.part.delta
event: Progress: message.part.delta
event: Progress: message.part.delta
event: Progress: message.part.delta
event: Progress: message.part.delta
event: Progress: message.part.delta
event: Progress: message.part.delta
event: Progress: message.part.delta
event: Progress: message.part.delta
event: Progress: message.part.delta
event: Progress: message.part.delta
event: Progress: message.part.delta
event: Progress: message.part.delta
event: Progress: message.part.delta
event: Progress: message.part.delta
event: Progress: message.part.delta
event: Progress: message.part.delta
event: Progress: message.part.delta
event: Progress: message.part.delta
event: Progress: message.part.delta
event: Progress: message.part.delta
event: Progress: message.part.delta
event: Progress: message.part.delta
event: Progress: message.part.delta
event: Progress: message.part.delta
event: Progress: message.part.delta
event: Progress: message.part.delta
event: Progress: message.part.delta
event: Progress: message.part.delta
event: Progress: message.part.delta
event: Progress: message.part.delta
event: Progress: message.part.delta
event: Progress: message.part.delta
event: Progress: message.part.delta
event: Progress: message.part.delta
event: Progress: message.part.delta
event: Progress: message.part.delta
event: Progress: message.part.delta
event: Progress: message.part.delta
event: Progress: message.part.delta
event: Progress: message.part.delta
event: Progress: message.part.delta
event: Progress: message.part.delta
event: Progress: message.part.delta
event: Progress: message.part.delta
event: Progress: message.part.delta
event: Progress: message.part.delta
event: Progress: message.part.delta
event: Progress: message.part.delta
event: Progress: message.part.delta
event: Progress: message.part.delta
event: Progress: message.part.delta
event: Progress: message.part.delta
event: Progress: message.part.delta
event: Progress: message.part.delta
event: Progress: message.part.delta
event: Progress: message.part.delta
event: Progress: message.part.delta
event: Progress: message.part.delta
event: Progress: message.part.delta
event: Progress: message.part.delta
event: Progress: message.part.delta
event: Progress: message.part.delta
event: Progress: message.part.delta
event: Progress: message.part.delta
event: Progress: message.part.delta
event: Progress: message.part.delta
event: Progress: message.part.delta
event: Progress: message.part.delta
event: Progress: message.part.delta
event: Progress: message.part.delta
event: Progress: message.part.delta
event: Progress: message.part.delta
event: Progress: message.part.delta
event: Progress: message.part.delta
event: Progress: message.part.delta
event: Progress: message.part.delta
event: Progress: message.part.delta
event: Progress: message.part.delta
event: Progress: message.part.delta
event: Progress: message.part.delta
event: Progress: message.part.delta
event: Progress: message.part.delta
event: Progress: message.part.delta
event: Progress: message.part.delta
event: Progress: message.part.delta
event: Progress: message.part.delta
event: Progress: message.part.delta
event: Progress: message.part.delta
event: Progress: message.part.delta
event: Progress: message.part.delta
event: Progress: message.part.delta
event: Progress: message.part.delta
event: Progress: message.part.delta
event: Progress: message.part.delta
event: Progress: message.part.delta
event: Progress: message.part.delta
event: Progress: message.part.delta
event: Progress: message.part.delta
event: Progress: message.part.delta
event: Progress: message.part.delta
event: Progress: message.part.delta
event: Progress: message.part.delta
event: Progress: message.part.delta
event: Progress: message.part.delta
event: Progress: message.part.delta
event: Progress: message.part.delta
event: Progress: message.part.delta
event: Progress: message.part.delta
event: Progress: message.part.delta
event: Progress: message.part.delta
event: Progress: message.part.delta
event: Progress: message.part.delta
event: Progress: message.part.delta
event: Progress: message.part.delta
event: Progress: message.part.delta
event: Progress: message.part.delta
event: Progress: message.part.delta
event: Progress: message.part.delta
event: Progress: message.part.delta
event: Progress: message.part.delta
event: Progress: message.part.delta
event: Progress: message.part.delta
event: Progress: message.part.delta
event: Progress: message.part.delta
event: Progress: message.part.delta
event: Progress: message.part.delta
event: Progress: message.part.delta
event: Progress: message.part.delta
event: Progress: message.part.delta
event: Progress: message.part.delta
event: Progress: message.part.delta
event: Progress: message.part.delta
event: Progress: message.part.delta
event: Progress: message.part.updated
event: Progress: message.part.updated
event: Progress: message.part.delta
event: Progress: message.part.delta
event: Progress: message.part.delta
event: Progress: message.part.delta
event: Progress: message.part.delta
event: Progress: message.part.delta
event: Progress: message.part.delta
event: Progress: message.part.delta
event: Progress: message.part.delta
event: Progress: message.part.delta
event: Progress: message.part.delta
event: Progress: message.part.delta
event: Progress: message.part.delta
event: Progress: message.part.delta
event: Progress: message.part.delta
event: Progress: message.part.delta
event: Progress: message.part.delta
event: Progress: message.part.delta
event: Progress: message.part.delta
event: Progress: message.part.delta
event: Progress: message.part.delta
event: Progress: message.part.delta
event: Progress: message.part.delta
event: Progress: message.part.delta
event: Progress: message.part.delta
event: Progress: message.part.delta
event: Progress: message.part.delta
event: Progress: message.part.delta
event: Progress: message.part.delta
event: Progress: message.part.delta
event: Progress: message.part.delta
event: Progress: message.part.delta
event: Progress: message.part.delta
event: Progress: message.part.delta
event: Progress: message.part.delta
event: Progress: message.part.delta
event: Progress: message.part.delta
event: Progress: message.part.delta
event: Progress: message.part.delta
event: Progress: message.part.delta
event: Progress: message.part.delta
event: Progress: message.part.delta
event: Progress: message.part.delta
event: Progress: message.part.delta
event: Progress: message.part.delta
event: Progress: message.part.delta
event: Progress: message.part.delta
event: Progress: message.part.updated
permission pending: per_123fc52220014cWUcr7GiSQTUC: OpenCode requests bash permission
event: PermissionRequest: OpenCode requests bash permission
event: Progress: message.part.updated
event: Progress: message.part.updated
permission resolved: per_123fc52220014cWUcr7GiSQTUC
event: Permission per_123fc52220014cWUcr7GiSQTUC: AllowedOnce
event: Progress: permission.replied
event: Progress: message.part.updated
event: Progress: message.part.updated
event: Progress: message.part.updated
event: Progress: message.part.updated
event: Progress: message.updated
event: Progress: message.updated
event: Progress: session.status
event: Progress: message.updated
event: Progress: session.updated
event: Diff: session.diff
event: Progress: session.status
event: Progress: message.updated
event: Progress: session.status
event: Progress: session.status
event: Progress: message.part.updated
event: Progress: message.part.updated
event: Progress: message.part.delta
event: Progress: message.part.delta
event: Progress: message.part.delta
event: Progress: message.part.delta
event: Progress: message.part.delta
event: Progress: message.part.delta
event: Progress: message.part.delta
event: Progress: message.part.delta
event: Progress: message.part.delta
event: Progress: message.part.delta
event: Progress: message.part.delta
event: Progress: message.part.delta
event: Progress: message.part.delta
event: Progress: message.part.delta
event: Progress: message.part.delta
event: Progress: message.part.delta
event: Progress: message.part.delta
event: Progress: message.part.delta
event: Progress: message.part.delta
event: Progress: message.part.delta
event: Progress: message.part.delta
event: Progress: message.part.delta
event: Progress: message.part.delta
event: Progress: message.part.delta
event: Progress: message.part.delta
event: Progress: message.part.delta
event: Progress: message.part.delta
event: Progress: message.part.delta
event: Progress: message.part.delta
event: Progress: message.part.delta
event: Progress: message.part.delta
event: Progress: message.part.delta
event: Progress: message.part.delta
event: Progress: message.part.delta
event: Progress: message.part.delta
event: Progress: message.part.delta
event: Progress: message.part.delta
event: Progress: message.part.delta
event: Progress: message.part.delta
event: Progress: message.part.delta
event: Progress: message.part.delta
event: Progress: message.part.delta
event: Progress: message.part.delta
event: Progress: message.part.delta
event: Progress: message.part.delta
event: Progress: message.part.delta
event: Progress: message.part.delta
event: Progress: message.part.delta
event: Progress: message.part.delta
event: Progress: message.part.delta
event: Progress: message.part.delta
event: Progress: message.part.delta
event: Progress: message.part.delta
event: Progress: message.part.delta
event: Progress: message.part.delta
event: Progress: message.part.delta
event: Progress: message.part.delta
event: Progress: message.part.delta
event: Progress: message.part.delta
event: Progress: message.part.delta
event: Progress: message.part.delta
event: Progress: message.part.delta
event: Progress: message.part.delta
event: Progress: message.part.delta
event: Progress: message.part.delta
event: Progress: message.part.delta
event: Progress: message.part.delta
event: Progress: message.part.delta
event: Progress: message.part.delta
event: Progress: message.part.delta
event: Progress: message.part.delta
event: Progress: message.part.delta
event: Progress: message.part.delta
event: Progress: message.part.delta
event: Progress: message.part.delta
event: Progress: message.part.delta
event: Progress: message.part.delta
event: Progress: message.part.delta
event: Progress: message.part.delta
event: Progress: message.part.delta
event: Progress: message.part.delta
event: Progress: message.part.delta
event: Progress: message.part.delta
event: Progress: message.part.delta
event: Progress: message.part.delta
event: Progress: message.part.delta
event: Progress: message.part.delta
event: Progress: message.part.delta
event: Progress: message.part.delta
event: Progress: message.part.delta
event: Progress: message.part.delta
event: Progress: message.part.delta
event: Progress: message.part.delta
event: Progress: message.part.delta
event: Progress: message.part.delta
event: Progress: message.part.delta
event: Progress: message.part.delta
event: Progress: message.part.delta
event: Progress: message.part.delta
event: Progress: message.part.delta
event: Progress: message.part.delta
event: Progress: message.part.delta
event: Progress: message.part.delta
event: Progress: message.part.delta
event: Progress: message.part.delta
event: Progress: message.part.delta
event: Progress: message.part.delta
event: Progress: message.part.delta
event: Progress: message.part.delta
event: Progress: message.part.delta
event: Progress: message.part.delta
event: Progress: message.part.delta
event: Progress: message.part.delta
event: Progress: message.part.delta
event: Progress: message.part.delta
event: Progress: message.part.delta
event: Progress: message.part.delta
event: Progress: message.part.delta
event: Progress: message.part.delta
event: Progress: message.part.delta
event: Progress: message.part.delta
event: Progress: message.part.delta
event: Progress: message.part.delta
event: Progress: message.part.delta
event: Progress: message.part.delta
event: Progress: message.part.delta
event: Progress: message.part.delta
event: Progress: message.part.delta
event: Progress: message.part.delta
event: Progress: message.part.delta
event: Progress: message.part.delta
event: Progress: message.part.delta
event: Progress: message.part.delta
event: Progress: message.part.delta
event: Progress: message.part.delta
event: Progress: message.part.delta
event: Progress: message.part.delta
event: Progress: message.part.delta
event: Progress: message.part.delta
event: Progress: message.part.delta
event: Progress: message.part.delta
event: Progress: message.part.delta
event: Progress: message.part.delta
event: Progress: message.part.delta
event: Progress: message.part.delta
event: Progress: message.part.delta
event: Progress: message.part.delta
event: Progress: message.part.delta
event: Progress: message.part.delta
event: Progress: message.part.delta
event: Progress: message.part.delta
event: Progress: message.part.delta
event: Progress: message.part.delta
event: Progress: message.part.delta
event: Progress: message.part.delta
event: Progress: message.part.delta
event: Progress: message.part.delta
event: Progress: message.part.delta
event: Progress: message.part.delta
event: Progress: message.part.delta
event: Progress: message.part.delta
event: Progress: message.part.delta
event: Progress: message.part.delta
event: Progress: message.part.delta
event: Progress: message.part.delta
event: Progress: message.part.delta
event: Progress: message.part.delta
event: Progress: message.part.delta
event: Progress: message.part.delta
event: Progress: message.part.delta
event: Progress: message.part.delta
event: Progress: message.part.delta
event: Progress: message.part.delta
event: Progress: message.part.delta
event: Progress: message.part.delta
event: Progress: message.part.delta
event: Progress: message.part.delta
event: Progress: message.part.delta
event: Progress: message.part.delta
event: Progress: message.part.delta
event: Progress: message.part.delta
event: Progress: message.part.delta
event: Progress: message.part.delta
event: Progress: message.part.delta
event: Progress: message.part.delta
event: Progress: message.part.delta
event: Progress: message.part.delta
event: Progress: message.part.delta
event: Progress: message.part.delta
event: Progress: message.part.delta
event: Progress: message.part.delta
event: Progress: message.part.delta
event: Progress: message.part.delta
event: Progress: message.part.delta
event: Progress: message.part.delta
event: Progress: message.part.delta
event: Progress: message.part.delta
event: Progress: message.part.delta
event: Progress: message.part.delta
event: Progress: message.part.delta
event: Progress: message.part.delta
event: Progress: message.part.delta
event: Progress: message.part.delta
event: Progress: message.part.delta
event: Progress: message.part.delta
event: Progress: message.part.delta
event: Progress: message.part.delta
event: Progress: message.part.delta
event: Progress: message.part.delta
event: Progress: message.part.delta
event: Progress: message.part.delta
event: Progress: message.part.delta
event: Progress: message.part.delta
event: Progress: message.part.delta
event: Progress: message.part.delta
event: Progress: message.part.delta
event: Progress: message.part.delta
event: Progress: message.part.delta
event: Progress: message.part.delta
event: Progress: message.part.delta
event: Progress: message.part.delta
event: Progress: message.part.delta
event: Progress: message.part.delta
event: Progress: message.part.delta
event: Progress: message.part.delta
event: Progress: message.part.delta
event: Progress: message.part.delta
event: Progress: message.part.delta
event: Progress: message.part.delta
event: Progress: message.part.delta
event: Progress: message.part.delta
event: Progress: message.part.delta
event: Progress: message.part.delta
event: Progress: message.part.delta
event: Progress: message.part.delta
event: Progress: message.part.delta
event: Progress: message.part.delta
event: Progress: message.part.delta
event: Progress: message.part.delta
event: Progress: message.part.delta
event: Progress: message.part.delta
event: Progress: message.part.delta
event: Progress: message.part.delta
event: Progress: message.part.delta
event: Progress: message.part.delta
event: Progress: message.part.delta
event: Progress: message.part.delta
event: Progress: message.part.delta
event: Progress: message.part.delta
event: Progress: message.part.delta
event: Progress: message.part.delta
event: Progress: message.part.delta
event: Progress: message.part.delta
event: Progress: message.part.delta
event: Progress: message.part.delta
event: Progress: message.part.delta
event: Progress: message.part.delta
event: Progress: message.part.delta
event: Progress: message.part.delta
event: Progress: message.part.delta
event: Progress: message.part.delta
event: Progress: message.part.delta
event: Progress: message.part.delta
event: Progress: message.part.delta
event: Progress: message.part.delta
event: Progress: message.part.delta
event: Progress: message.part.delta
event: Progress: message.part.delta
event: Progress: message.part.delta
event: Progress: message.part.delta
event: Progress: message.part.delta
event: Progress: message.part.delta
event: Progress: message.part.delta
event: Progress: message.part.delta
event: Progress: message.part.delta
event: Progress: message.part.delta
event: Progress: message.part.delta
event: Progress: message.part.delta
event: Progress: message.part.delta
event: Progress: message.part.delta
event: Progress: message.part.delta
event: Progress: message.part.delta
event: Progress: message.part.delta
event: Progress: message.part.delta
event: Progress: message.part.delta
event: Progress: message.part.delta
event: Progress: message.part.delta
event: Progress: message.part.delta
event: Progress: message.part.delta
event: Progress: message.part.delta
event: Progress: message.part.delta
event: Progress: message.part.delta
event: Progress: message.part.delta
event: Progress: message.part.delta
event: Progress: message.part.delta
event: Progress: message.part.delta
event: Progress: message.part.delta
event: Progress: message.part.delta
event: Progress: message.part.delta
event: Progress: message.part.delta
event: Progress: message.part.delta
event: Progress: message.part.delta
event: Progress: message.part.delta
event: Progress: message.part.delta
event: Progress: message.part.delta
event: Progress: message.part.delta
event: Progress: message.part.delta
event: Progress: message.part.delta
event: Progress: message.part.delta
event: Progress: message.part.delta
event: Progress: message.part.delta
event: Progress: message.part.delta
event: Progress: message.part.delta
event: Progress: message.part.delta
event: Progress: message.part.delta
event: Progress: message.part.delta
event: Progress: message.part.delta
event: Progress: message.part.delta
event: Progress: message.part.delta
event: Progress: message.part.delta
event: Progress: message.part.delta
event: Progress: message.part.delta
event: Progress: message.part.delta
event: Progress: message.part.delta
event: Progress: message.part.delta
event: Progress: message.part.delta
event: Progress: message.part.delta
event: Progress: message.part.delta
event: Progress: message.part.delta
event: Progress: message.part.delta
event: Progress: message.part.delta
event: Progress: message.part.delta
event: Progress: message.part.delta
event: Progress: message.part.delta
event: Progress: message.part.delta
event: Progress: message.part.delta
event: Progress: message.part.delta
event: Progress: message.part.delta
event: Progress: message.part.delta
event: Progress: message.part.delta
event: Progress: message.part.delta
event: Progress: message.part.delta
event: Progress: message.part.delta
event: Progress: message.part.delta
event: Progress: message.part.delta
event: Progress: message.part.delta
event: Progress: message.part.delta
event: Progress: message.part.delta
event: Progress: message.part.delta
event: Progress: message.part.delta
event: Progress: message.part.delta
event: Progress: message.part.delta
event: Progress: message.part.delta
event: Progress: message.part.delta
event: Progress: message.part.delta
event: Progress: message.part.delta
event: Progress: message.part.delta
event: Progress: message.part.delta
event: Progress: message.part.delta
event: Progress: message.part.delta
event: Progress: message.part.delta
event: Progress: message.part.delta
event: Progress: message.part.delta
event: Progress: message.part.delta
event: Progress: message.part.delta
event: Progress: message.part.delta
event: Progress: message.part.delta
event: Progress: message.part.delta
event: Progress: message.part.delta
event: Progress: message.part.delta
event: Progress: message.part.delta
event: Progress: message.part.delta
event: Progress: message.part.delta
event: Progress: message.part.delta
event: Progress: message.part.delta
event: Progress: message.part.delta
event: Progress: message.part.delta
event: Progress: message.part.delta
event: Progress: message.part.delta
event: Progress: message.part.delta
event: Progress: message.part.delta
event: Progress: message.part.delta
event: Progress: message.part.delta
event: Progress: message.part.delta
event: Progress: message.part.delta
event: Progress: message.part.delta
event: Progress: message.part.delta
event: Progress: message.part.delta
event: Progress: message.part.delta
event: Progress: message.part.delta
event: Progress: message.part.delta
event: Progress: message.part.delta
event: Progress: message.part.delta
event: Progress: message.part.delta
event: Progress: message.part.delta
event: Progress: message.part.delta
event: Progress: message.part.delta
event: Progress: message.part.delta
event: Progress: message.part.delta
event: Progress: message.part.delta
event: Progress: message.part.delta
event: Progress: message.part.delta
event: Progress: message.part.delta
event: Progress: message.part.delta
event: Progress: message.part.delta
event: Progress: message.part.delta
event: Progress: message.part.delta
event: Progress: message.part.delta
event: Progress: message.part.delta
event: Progress: message.part.delta
event: Progress: message.part.delta
event: Progress: message.part.delta
event: Progress: message.part.delta
event: Progress: message.part.delta
event: Progress: message.part.delta
event: Progress: message.part.delta
event: Progress: message.part.delta
event: Progress: message.part.delta
event: Progress: message.part.delta
event: Progress: message.part.delta
event: Progress: message.part.delta
event: Progress: message.part.delta
event: Progress: message.part.delta
event: Progress: message.part.delta
event: Progress: message.part.delta
event: Progress: message.part.delta
event: Progress: message.part.delta
event: Progress: message.part.delta
event: Progress: message.part.delta
event: Progress: message.part.delta
event: Progress: message.part.delta
event: Progress: message.part.delta
event: Progress: message.part.delta
event: Progress: message.part.delta
event: Progress: message.part.delta
event: Progress: message.part.delta
event: Progress: message.part.delta
event: Progress: message.part.delta
event: Progress: message.part.delta
event: Progress: message.part.updated
event: Progress: message.part.updated
event: Progress: message.part.delta
event: Progress: message.part.delta
event: Progress: message.part.delta
event: Progress: message.part.delta
event: Progress: message.part.delta
event: Progress: message.part.delta
event: Progress: message.part.delta
event: Progress: message.part.delta
event: Progress: message.part.delta
event: Progress: message.part.delta
event: Progress: message.part.delta
event: Progress: message.part.delta
event: Progress: message.part.delta
event: Progress: message.part.delta
event: Progress: message.part.delta
event: Progress: message.part.delta
event: Progress: message.part.delta
event: Progress: message.part.delta
event: Progress: message.part.delta
event: Progress: message.part.delta
event: Progress: message.part.delta
event: Progress: message.part.delta
event: Progress: message.part.delta
event: Progress: message.part.delta
event: Progress: message.part.updated
permission pending: per_123fcdc37001Tks4heUFAq7H7e: OpenCode requests bash permission
event: PermissionRequest: OpenCode requests bash permission
event: Progress: message.part.updated
event: Progress: message.part.updated
permission resolved: per_123fcdc37001Tks4heUFAq7H7e
event: Permission per_123fcdc37001Tks4heUFAq7H7e: AllowedOnce
event: Progress: permission.replied
event: Progress: message.part.updated
event: Progress: message.part.updated
event: Progress: message.part.updated
event: Progress: message.part.updated
event: Progress: message.part.updated
event: Progress: message.updated
event: Progress: message.part.updated
event: Progress: message.updated
event: Progress: session.status
event: Progress: message.updated
event: Progress: session.updated
event: Diff: session.diff
event: Progress: session.status
event: Progress: message.updated
event: Progress: message.part.updated
event: Progress: message.part.updated
event: Progress: message.part.delta
event: Progress: message.part.delta
event: Progress: message.part.delta
event: Progress: message.part.delta
event: Progress: message.part.delta
event: Progress: message.part.delta
event: Progress: message.part.delta
event: Progress: message.part.delta
event: Progress: message.part.delta
event: Progress: message.part.delta
event: Progress: message.part.delta
event: Progress: message.part.delta
event: Progress: message.part.delta
event: Progress: message.part.delta
event: Progress: message.part.delta
event: Progress: message.part.delta
event: Progress: message.part.delta
event: Progress: message.part.delta
event: Progress: message.part.delta
event: Progress: message.part.delta
event: Progress: message.part.delta
event: Progress: message.part.delta
event: Progress: message.part.delta
event: Progress: message.part.updated
permission pending: per_123fd4332001DFfpV36xhHlMBx: OpenCode requests bash permission
event: PermissionRequest: OpenCode requests bash permission
event: Progress: message.part.updated
event: Progress: message.part.updated
permission resolved: per_123fd4332001DFfpV36xhHlMBx
event: Permission per_123fd4332001DFfpV36xhHlMBx: AllowedOnce
event: Progress: permission.replied
event: Progress: message.part.updated
event: Progress: message.part.updated
event: Progress: message.part.updated
event: Progress: message.part.updated
event: Progress: message.updated
event: Progress: message.updated
event: Progress: session.status
event: Progress: message.updated
event: Progress: session.updated
event: Diff: session.diff
event: Progress: session.status
event: Progress: message.updated
event: Progress: message.part.updated
event: Progress: message.part.updated
permission pending: per_123fda8400015hzUv44ancJHNJ: OpenCode requests bash permission
event: PermissionRequest: OpenCode requests bash permission
event: Progress: message.part.updated
permission resolved: per_123fda8400015hzUv44ancJHNJ
event: Permission per_123fda8400015hzUv44ancJHNJ: AllowedOnce
event: Progress: permission.replied
event: Progress: message.part.updated
event: Progress: message.part.updated
event: Progress: message.part.updated
event: Progress: message.part.updated
event: Progress: message.updated
event: Progress: message.updated
event: Progress: session.status
event: Progress: message.updated
event: Progress: session.updated
event: Diff: session.diff
event: Progress: session.status
event: Progress: message.updated
event: Progress: message.part.updated
event: Progress: message.part.updated
event: Progress: message.part.delta
event: Progress: message.part.delta
event: Progress: message.part.delta
event: Progress: message.part.delta
event: Progress: message.part.delta
event: Progress: message.part.delta
event: Progress: message.part.delta
event: Progress: message.part.delta
event: Progress: message.part.delta
event: Progress: message.part.delta
event: Progress: message.part.delta
event: Progress: message.part.delta
event: Progress: message.part.delta
event: Progress: message.part.delta
event: Progress: message.part.delta
event: Progress: message.part.delta
event: Progress: message.part.delta
event: Progress: message.part.delta
event: Progress: message.part.delta
event: Progress: message.part.delta
event: Progress: message.part.delta
event: Progress: message.part.delta
event: Progress: message.part.delta
event: Progress: message.part.delta
event: Progress: message.part.delta
event: Progress: message.part.delta
event: Progress: message.part.delta
event: Progress: message.part.delta
event: Progress: message.part.delta
event: Progress: message.part.delta
event: Progress: message.part.delta
event: Progress: message.part.delta
event: Progress: message.part.delta
event: Progress: message.part.delta
event: Progress: message.part.delta
event: Progress: message.part.delta
event: Progress: message.part.delta
event: Progress: message.part.delta
event: Progress: message.part.delta
event: Progress: message.part.delta
event: Progress: message.part.delta
event: Progress: message.part.delta
event: Progress: message.part.delta
event: Progress: message.part.delta
event: Progress: message.part.delta
event: Progress: message.part.delta
event: Progress: message.part.delta
event: Progress: message.part.delta
event: Progress: message.part.delta
event: Progress: message.part.delta
event: Progress: message.part.delta
event: Progress: message.part.delta
event: Progress: message.part.delta
event: Progress: message.part.delta
event: Progress: message.part.delta
event: Progress: message.part.delta
event: Progress: message.part.delta
event: Progress: message.part.delta
event: Progress: message.part.delta
event: Progress: message.part.delta
event: Progress: message.part.delta
event: Progress: message.part.delta
event: Progress: message.part.delta
event: Progress: message.part.delta
event: Progress: message.part.delta
event: Progress: message.part.delta
event: Progress: message.part.delta
event: Progress: message.part.delta
event: Progress: message.part.delta
event: Progress: message.part.delta
event: Progress: message.part.delta
event: Progress: message.part.delta
event: Progress: message.part.delta
event: Progress: message.part.delta
event: Progress: message.part.delta
event: Progress: message.part.delta
event: Progress: message.part.delta
event: Progress: message.part.delta
event: Progress: message.part.delta
event: Progress: message.part.delta
event: Progress: message.part.delta
event: Progress: message.part.delta
event: Progress: message.part.delta
event: Progress: message.part.delta
event: Progress: message.part.delta
event: Progress: message.part.delta
event: Progress: message.part.delta
event: Progress: message.part.delta
event: Progress: message.part.delta
event: Progress: message.part.delta
event: Progress: message.part.delta
event: Progress: message.part.delta
event: Progress: message.part.delta
event: Progress: message.part.delta
event: Progress: message.part.delta
event: Progress: message.part.delta
event: Progress: message.part.delta
event: Progress: message.part.delta
event: Progress: message.part.delta
event: Progress: message.part.delta
event: Progress: message.part.delta
event: Progress: message.part.delta
event: Progress: message.part.delta
event: Progress: message.part.delta
event: Progress: message.part.delta
event: Progress: message.part.delta
event: Progress: message.part.delta
event: Progress: message.part.delta
event: Progress: message.part.delta
event: Progress: message.part.delta
event: Progress: message.part.delta
event: Progress: message.part.delta
event: Progress: message.part.delta
event: Progress: message.part.delta
event: Progress: message.part.delta
event: Progress: message.part.delta
event: Progress: message.part.delta
event: Progress: message.part.delta
event: Progress: message.part.delta
event: Progress: message.part.delta
event: Progress: message.part.delta
event: Progress: message.part.delta
event: Progress: message.part.delta
event: Progress: message.part.delta
event: Progress: message.part.delta
event: Progress: message.part.delta
event: Progress: message.part.delta
event: Progress: message.part.delta
event: Progress: message.part.delta
event: Progress: message.part.delta
event: Progress: message.part.delta
event: Progress: message.part.delta
event: Progress: message.part.delta
event: Progress: message.part.delta
event: Progress: message.part.delta
event: Progress: message.part.delta
event: Progress: message.part.delta
event: Progress: message.part.delta
event: Progress: message.part.delta
event: Progress: message.part.delta
event: Progress: message.part.delta
event: Progress: message.part.delta
event: Progress: message.part.delta
event: Progress: message.part.delta
event: Progress: message.part.delta
event: Progress: message.part.delta
event: Progress: message.part.delta
event: Progress: message.part.delta
event: Progress: message.part.delta
event: Progress: message.part.delta
event: Progress: message.part.delta
event: Progress: message.part.delta
event: Progress: message.part.delta
event: Progress: message.part.delta
event: Progress: message.part.delta
event: Progress: message.part.delta
event: Progress: message.part.delta
event: Progress: message.part.delta
event: Progress: message.part.delta
event: Progress: message.part.delta
event: Progress: message.part.delta
event: Progress: message.part.delta
event: Progress: message.part.delta
event: Progress: message.part.delta
event: Progress: message.part.delta
event: Progress: message.part.delta
event: Progress: message.part.delta
event: Progress: message.part.delta
event: Progress: message.part.delta
event: Progress: message.part.delta
event: Progress: message.part.delta
event: Progress: message.part.delta
event: Progress: message.part.delta
event: Progress: message.part.delta
event: Progress: message.part.delta
event: Progress: message.part.delta
event: Progress: message.part.delta
event: Progress: message.part.delta
event: Progress: message.part.delta
event: Progress: message.part.delta
event: Progress: message.part.delta
event: Progress: message.part.delta
event: Progress: message.part.delta
event: Progress: message.part.delta
event: Progress: message.part.delta
event: Progress: message.part.delta
event: Progress: message.part.delta
event: Progress: message.part.delta
event: Progress: message.part.delta
event: Progress: message.part.delta
event: Progress: message.part.delta
event: Progress: message.part.delta
event: Progress: message.part.delta
event: Progress: message.part.delta
event: Progress: message.part.delta
event: Progress: message.part.delta
event: Progress: message.part.delta
event: Progress: message.part.delta
event: Progress: message.part.delta
event: Progress: message.part.delta
event: Progress: message.part.delta
event: Progress: message.part.delta
event: Progress: message.part.delta
event: Progress: message.part.delta
event: Progress: message.part.delta
event: Progress: message.part.delta
event: Progress: message.part.delta
event: Progress: message.part.delta
event: Progress: message.part.delta
event: Progress: message.part.delta
event: Progress: message.part.delta
event: Progress: message.part.delta
event: Progress: message.part.delta
event: Progress: message.part.delta
event: Progress: message.part.delta
event: Progress: message.part.delta
event: Progress: message.part.delta
event: Progress: message.part.delta
event: Progress: message.part.delta
event: Progress: message.part.delta
event: Progress: message.part.delta
event: Progress: message.part.delta
event: Progress: message.part.delta
event: Progress: message.part.delta
event: Progress: message.part.delta
event: Progress: message.part.delta
event: Progress: message.part.delta
event: Progress: message.part.delta
event: Progress: message.part.delta
event: Progress: message.part.delta
event: Progress: message.part.delta
event: Progress: message.part.delta
event: Progress: message.part.delta
event: Progress: message.part.delta
event: Progress: message.part.delta
event: Progress: message.part.delta
event: Progress: message.part.delta
event: Progress: message.part.delta
event: Progress: message.part.delta
event: Progress: message.part.delta
event: Progress: message.part.delta
event: Progress: message.part.delta
event: Progress: message.part.delta
event: Progress: message.part.delta
event: Progress: message.part.delta
event: Progress: message.part.delta
event: Progress: message.part.delta
event: Progress: message.part.delta
event: Progress: message.part.delta
event: Progress: message.part.updated
event: Progress: message.part.updated
event: Progress: message.part.delta
event: Progress: message.part.delta
event: Progress: message.part.delta
event: Progress: message.part.delta
event: Progress: message.part.delta
event: Progress: message.part.delta
event: Progress: message.part.delta
event: Progress: message.part.delta
event: Progress: message.part.delta
event: Progress: message.part.delta
event: Progress: message.part.delta
event: Progress: message.part.updated
permission pending: per_123fe2f80001LlnGHIMYLCBdrM: OpenCode requests bash permission
event: PermissionRequest: OpenCode requests bash permission
event: Progress: message.part.updated
event: Progress: message.part.updated
permission resolved: per_123fe2f80001LlnGHIMYLCBdrM
event: Permission per_123fe2f80001LlnGHIMYLCBdrM: AllowedOnce
event: Progress: permission.replied
event: Progress: message.part.updated
event: Progress: message.part.updated
event: Captured diff artifact eabae50c-a723-461b-aef1-9ff83acd1b0e
finished: Agent submitted task for owner review
