run started: 0c5c98e7-6068-4c41-9233-276844cc0c69
event: Progress: agent_start
event: Progress: turn_start
event: Progress: message_start
event: Progress: message_end
event: Progress: message_start
event: Progress: message_end
event: Progress: message_start
event: Progress: message_end
event: Tool: Pi powershell proposed
permission pending: bf80d5a4-652e-4835-a006-1f857a215764: Pi requests powershell: Write-Output '{"expected_revision":0,"operation":"task.get","project_id":"d628d859-1ade-458f-98fc-395aa99bd264","run_id":"0c5c98e7-6068-4c41-9233-276844cc0c69",
event: PermissionRequest: Pi requests powershell: Write-Output '{"expected_revision":0,"operation":"task.get","project_id":"d628d859-1ade-458f-98fc-395aa99bd264","run_id":"0c5c98e7-6068-4c41-9233-276844cc0c69",
permission resolved: bf80d5a4-652e-4835-a006-1f857a215764
event: Pi permission bf80d5a4-652e-4835-a006-1f857a215764: AllowedOnce
event: Tool: Pi powershell finished
event: Progress: message_start
event: Progress: message_end
event: Progress: turn_start
event: Progress: message_start
event: Progress: message_end
event: Tool: Pi bash proposed
permission pending: 7fa0aac0-d3eb-4950-b71d-33ff26d7034e: Pi requests bash: find /mnt/c/Users/User/AppData/Local/Temp/project-pipeline-worktrees/d979dac2a1d7144a/e9ab25b8-fef1-4155-a693-a3c4495b2651 -type f -name "*.rs" -o -name "*.toml
event: PermissionRequest: Pi requests bash: find /mnt/c/Users/User/AppData/Local/Temp/project-pipeline-worktrees/d979dac2a1d7144a/e9ab25b8-fef1-4155-a693-a3c4495b2651 -type f -name "*.rs" -o -name "*.toml
permission resolved: 7fa0aac0-d3eb-4950-b71d-33ff26d7034e
event: Pi permission 7fa0aac0-d3eb-4950-b71d-33ff26d7034e: AllowedOnce
event: Tool: Pi bash finished
event: Progress: message_start
event: Progress: message_end
event: Progress: turn_start
event: Progress: message_start
event: Progress: message_end
event: Tool: Pi powershell proposed
permission pending: f1a3e285-9597-4330-a466-b09acc2a65bc: Pi requests powershell: Get-ChildItem -Recurse -Path "C:\Users\User\AppData\Local\Temp\project-pipeline-worktrees\d979dac2a1d7144a\e9ab25b8-fef1-4155-a693-a3c4495b2651" | Select-Object
event: PermissionRequest: Pi requests powershell: Get-ChildItem -Recurse -Path "C:\Users\User\AppData\Local\Temp\project-pipeline-worktrees\d979dac2a1d7144a\e9ab25b8-fef1-4155-a693-a3c4495b2651" | Select-Object
permission resolved: f1a3e285-9597-4330-a466-b09acc2a65bc
event: Pi permission f1a3e285-9597-4330-a466-b09acc2a65bc: AllowedOnce
event: Tool: Pi powershell finished
event: Progress: message_start
event: Progress: message_end
event: Progress: turn_start
event: Progress: message_start
event: Progress: message_end
event: Tool: Pi powershell proposed
permission pending: 96e2be44-6aba-42e3-bc08-c77c0196b60d: Pi requests powershell: Get-ChildItem -Recurse -Path "C:\Users\User\AppData\Local\Temp\project-pipeline-worktrees\d979dac2a1d7144a\e9ab25b8-fef1-4155-a693-a3c4495b2651\src"
event: PermissionRequest: Pi requests powershell: Get-ChildItem -Recurse -Path "C:\Users\User\AppData\Local\Temp\project-pipeline-worktrees\d979dac2a1d7144a\e9ab25b8-fef1-4155-a693-a3c4495b2651\src"
permission resolved: 96e2be44-6aba-42e3-bc08-c77c0196b60d
event: Pi permission 96e2be44-6aba-42e3-bc08-c77c0196b60d: AllowedOnce
event: Tool: Pi powershell finished
event: Progress: message_start
event: Progress: message_end
event: Progress: turn_start
event: Progress: message_start
event: Progress: message_end
event: Tool: Pi read proposed
event: PermissionRequest: Pi requests read: C:\Users\User\AppData\Local\Temp\project-pipeline-worktrees\d979dac2a1d7144a\e9ab25b8-fef1-4155-a693-a3c4495b2651\src\lib.rs
event: Tool: Pi read finished
event: Progress: message_start
event: Progress: message_end
event: Progress: turn_start
event: Progress: message_start
event: Progress: message_end
event: Tool: Pi read proposed
event: PermissionRequest: Pi requests read: C:\Users\User\AppData\Local\Temp\project-pipeline-worktrees\d979dac2a1d7144a\e9ab25b8-fef1-4155-a693-a3c4495b2651\Cargo.toml
event: Tool: Pi read finished
event: Progress: message_start
event: Progress: message_end
event: Progress: turn_start
event: Progress: message_start
event: Progress: message_end
event: Tool: Pi edit proposed
event: PermissionRequest: Pi requests edit: C:\Users\User\AppData\Local\Temp\project-pipeline-worktrees\d979dac2a1d7144a\e9ab25b8-fef1-4155-a693-a3c4495b2651\src\lib.rs
event: Tool: Pi edit finished
event: Progress: message_start
event: Progress: message_end
event: Progress: turn_start
event: Progress: message_start
event: Progress: message_end
event: Tool: Pi powershell proposed
permission pending: f5962230-87a5-4010-82c9-53d51456ea2e: Pi requests powershell: cd "C:\Users\User\AppData\Local\Temp\project-pipeline-worktrees\d979dac2a1d7144a\e9ab25b8-fef1-4155-a693-a3c4495b2651" && cargo test 2>&1 | tee test-log.txt
event: PermissionRequest: Pi requests powershell: cd "C:\Users\User\AppData\Local\Temp\project-pipeline-worktrees\d979dac2a1d7144a\e9ab25b8-fef1-4155-a693-a3c4495b2651" && cargo test 2>&1 | tee test-log.txt
permission resolved: f5962230-87a5-4010-82c9-53d51456ea2e
event: Pi permission f5962230-87a5-4010-82c9-53d51456ea2e: AllowedOnce
event: Tool: Pi powershell finished
event: Progress: message_start
event: Progress: message_end
event: Progress: turn_start
event: Progress: message_start
event: Progress: message_end
event: Tool: Pi read proposed
event: PermissionRequest: Pi requests read: C:\Users\User\AppData\Local\Temp\project-pipeline-worktrees\d979dac2a1d7144a\e9ab25b8-fef1-4155-a693-a3c4495b2651\test-log.txt
event: Tool: Pi read finished
event: Progress: message_start
event: Progress: message_end
event: Progress: turn_start
event: Progress: message_start
event: Progress: message_end
event: Tool: Pi powershell proposed
permission pending: 491f83aa-2f14-4721-b19e-d27b5518b375: Pi requests powershell: Get-FileHash -Algorithm SHA256 "C:\Users\User\AppData\Local\Temp\project-pipeline-worktrees\d979dac2a1d7144a\e9ab25b8-fef1-4155-a693-a3c4495b2651\test-log.txt" 
event: PermissionRequest: Pi requests powershell: Get-FileHash -Algorithm SHA256 "C:\Users\User\AppData\Local\Temp\project-pipeline-worktrees\d979dac2a1d7144a\e9ab25b8-fef1-4155-a693-a3c4495b2651\test-log.txt" 
permission resolved: 491f83aa-2f14-4721-b19e-d27b5518b375
event: Pi permission 491f83aa-2f14-4721-b19e-d27b5518b375: AllowedOnce
event: Tool: Pi powershell finished
event: Progress: message_start
event: Progress: message_end
event: Progress: turn_start
event: Progress: message_start
event: Progress: message_end
event: Tool: Pi powershell proposed
permission pending: 71172465-32bd-4a8f-98be-6d2fc0a41baa: Pi requests powershell: Write-Output '{"expected_revision":17,"operation":"artifact.attach","project_id":"d628d859-1ade-458f-98fc-395aa99bd264","run_id":"0c5c98e7-6068-4c41-9233-276844
event: PermissionRequest: Pi requests powershell: Write-Output '{"expected_revision":17,"operation":"artifact.attach","project_id":"d628d859-1ade-458f-98fc-395aa99bd264","run_id":"0c5c98e7-6068-4c41-9233-276844
permission resolved: 71172465-32bd-4a8f-98be-6d2fc0a41baa
event: Pi permission 71172465-32bd-4a8f-98be-6d2fc0a41baa: AllowedOnce
event: Tool: Pi powershell finished
event: Progress: message_start
event: Progress: message_end
event: Progress: turn_start
event: Progress: message_start
event: Progress: message_end
event: Tool: Pi powershell proposed
permission pending: ed24961a-a457-4da8-a2d6-78c811f70181: Pi requests powershell: $content = Get-Content -Raw "C:\Users\User\AppData\Local\Temp\project-pipeline-worktrees\d979dac2a1d7144a\e9ab25b8-fef1-4155-a693-a3c4495b2651\test-log.txt"
$by
event: PermissionRequest: Pi requests powershell: $content = Get-Content -Raw "C:\Users\User\AppData\Local\Temp\project-pipeline-worktrees\d979dac2a1d7144a\e9ab25b8-fef1-4155-a693-a3c4495b2651\test-log.txt"
$by
permission resolved: ed24961a-a457-4da8-a2d6-78c811f70181
event: Pi permission ed24961a-a457-4da8-a2d6-78c811f70181: AllowedOnce
event: Tool: Pi powershell finished
event: Progress: message_start
event: Progress: message_end
event: Progress: turn_start
event: Progress: message_start
event: Progress: message_end
event: Tool: Pi powershell proposed
permission pending: fdfcd661-2414-4f51-aa51-cb6a2f444b8d: Pi requests powershell: Write-Output '{"expected_revision":17,"operation":"artifact.attach","project_id":"d628d859-1ade-458f-98fc-395aa99bd264","run_id":"0c5c98e7-6068-4c41-9233-276844
event: PermissionRequest: Pi requests powershell: Write-Output '{"expected_revision":17,"operation":"artifact.attach","project_id":"d628d859-1ade-458f-98fc-395aa99bd264","run_id":"0c5c98e7-6068-4c41-9233-276844
permission resolved: fdfcd661-2414-4f51-aa51-cb6a2f444b8d
event: Pi permission fdfcd661-2414-4f51-aa51-cb6a2f444b8d: AllowedOnce
event: Tool: Pi powershell finished
event: Progress: message_start
event: Progress: message_end
event: Progress: turn_start
event: Progress: message_start
event: Progress: message_end
event: Tool: Pi powershell proposed
permission pending: 6743f555-61ee-41a7-b968-af69dce02be7: Pi requests powershell: Write-Output '{"expected_revision":17,"operation":"test.record","project_id":"d628d859-1ade-458f-98fc-395aa99bd264","run_id":"0c5c98e7-6068-4c41-9233-276844cc0c
event: PermissionRequest: Pi requests powershell: Write-Output '{"expected_revision":17,"operation":"test.record","project_id":"d628d859-1ade-458f-98fc-395aa99bd264","run_id":"0c5c98e7-6068-4c41-9233-276844cc0c
permission resolved: 6743f555-61ee-41a7-b968-af69dce02be7
event: Pi permission 6743f555-61ee-41a7-b968-af69dce02be7: AllowedOnce
event: Tool: Pi powershell finished
event: Progress: message_start
event: Progress: message_end
event: Progress: turn_start
event: Progress: message_start
event: Progress: message_end
event: Tool: Pi powershell proposed
permission pending: 9dc9a090-fc50-4a6a-80f2-d9bd9a05e7c2: Pi requests powershell: Write-Output '{"expected_revision":17,"operation":"task.get","project_id":"d628d859-1ade-458f-98fc-395aa99bd264","run_id":"0c5c98e7-6068-4c41-9233-276844cc0c69"
event: PermissionRequest: Pi requests powershell: Write-Output '{"expected_revision":17,"operation":"task.get","project_id":"d628d859-1ade-458f-98fc-395aa99bd264","run_id":"0c5c98e7-6068-4c41-9233-276844cc0c69"
permission resolved: 9dc9a090-fc50-4a6a-80f2-d9bd9a05e7c2
event: Pi permission 9dc9a090-fc50-4a6a-80f2-d9bd9a05e7c2: AllowedOnce
event: Tool: Pi powershell finished
event: Progress: message_start
event: Progress: message_end
event: Progress: turn_start
event: Progress: message_start
event: Progress: message_end
event: Tool: Pi powershell proposed
permission pending: e0c70380-279c-4b80-89fd-fad92f5d8daf: Pi requests powershell: Write-Output '{"expected_revision":17,"operation":"task.submit","project_id":"d628d859-1ade-458f-98fc-395aa99bd264","run_id":"0c5c98e7-6068-4c41-9233-276844cc0c
event: PermissionRequest: Pi requests powershell: Write-Output '{"expected_revision":17,"operation":"task.submit","project_id":"d628d859-1ade-458f-98fc-395aa99bd264","run_id":"0c5c98e7-6068-4c41-9233-276844cc0c
permission resolved: e0c70380-279c-4b80-89fd-fad92f5d8daf
event: Pi permission e0c70380-279c-4b80-89fd-fad92f5d8daf: AllowedOnce
event: Captured diff artifact 5c069053-7fa7-48ba-a501-adc043d7fe28
finished: Pi submitted task for owner review
