run started: 81e7cc7e-aa7c-464e-9850-3d05d3ea90ad
event: Progress: agent_start
event: Progress: turn_start
event: Progress: message_start
event: Progress: message_end
event: Progress: message_start
event: Progress: message_end
event: Progress: message_start
event: Progress: message_end
event: Progress: agent_start
event: Progress: turn_start
event: Progress: message_start
event: Progress: I
event: Progress: 'll
event: Progress:  start
event: Progress:  by
event: Progress:  getting
event: Progress:  the
event: Progress:  task
event: Progress:  details
event: Progress:  from
event: Progress:  the
event: Progress:  bridge
event: Progress: .
event: Progress: message_end
event: Tool: Pi powershell proposed
permission pending: 965c6740-d120-41ba-a570-10abb17c5527: Pi requests powershell: Write-Output '{"expected_revision":0,"operation":"task.get","project_id":"d628d859-1ade-458f-98fc-395aa99bd264","run_id":"81e7cc7e-aa7c-464e-9850-3d05d3ea90ad",
event: PermissionRequest: Pi requests powershell: Write-Output '{"expected_revision":0,"operation":"task.get","project_id":"d628d859-1ade-458f-98fc-395aa99bd264","run_id":"81e7cc7e-aa7c-464e-9850-3d05d3ea90ad",
permission resolved: 965c6740-d120-41ba-a570-10abb17c5527
event: Pi permission 965c6740-d120-41ba-a570-10abb17c5527: AllowedOnce
event: Tool: Pi powershell finished
event: Progress: message_start
event: Progress: message_end
event: Progress: turn_start
event: Progress: message_start
event: Progress: Task
event: Progress:  retrieved
event: Progress: .
event: Progress:  Revision
event: Progress:  is
event: Progress:  
event: Progress: 1
event: Progress: 4
event: Progress: .
event: Progress:  Now
event: Progress:  let
event: Progress:  me
event: Progress:  inspect
event: Progress:  the
event: Progress:  repository
event: Progress:  structure
event: Progress:  and
event: Progress:  find
event: Progress:  the
event: Progress:  source
event: Progress:  files
event: Progress: .
event: Progress: message_end
event: Tool: Pi bash proposed
permission pending: 837890c4-b195-4fe1-9194-b61771477eee: Pi requests bash: find /c/Users/User/AppData/Local/Temp/project-pipeline-worktrees/d979dac2a1d7144a/0573e932-8489-4f0b-8c6b-0fb6389b05e8 -type f -not -path '*/.git/*' | head -50
event: PermissionRequest: Pi requests bash: find /c/Users/User/AppData/Local/Temp/project-pipeline-worktrees/d979dac2a1d7144a/0573e932-8489-4f0b-8c6b-0fb6389b05e8 -type f -not -path '*/.git/*' | head -50
permission resolved: 837890c4-b195-4fe1-9194-b61771477eee
event: Pi permission 837890c4-b195-4fe1-9194-b61771477eee: AllowedOnce
event: Tool: Pi bash finished
event: Progress: message_start
event: Progress: message_end
event: Progress: turn_start
event: Progress: message_start
event: Progress: message_end
event: Tool: Pi read proposed
event: PermissionRequest: Pi requests read: C:/Users/User/AppData/Local/Temp/project-pipeline-worktrees/d979dac2a1d7144a/0573e932-8489-4f0b-8c6b-0fb6389b05e8/Cargo.toml
event: Tool: Pi read proposed
event: PermissionRequest: Pi requests read: C:/Users/User/AppData/Local/Temp/project-pipeline-worktrees/d979dac2a1d7144a/0573e932-8489-4f0b-8c6b-0fb6389b05e8/src/lib.rs
event: Tool: Pi read finished
event: Tool: Pi read finished
event: Progress: message_start
event: Progress: message_end
event: Progress: message_start
event: Progress: message_end
event: Progress: turn_start
event: Progress: message_start
event: Progress: message_end
event: Progress: agent_start
event: Progress: turn_start
event: Progress: message_start
event: Progress: Found
event: Progress:  the
event: Progress:  bug
event: Progress: :
event: Progress:  `
event: Progress: add
event: Progress: `
event: Progress:  returns
event: Progress:  `
event: Progress: a
event: Progress:  -
event: Progress:  b
event: Progress: `
event: Progress:  instead
event: Progress:  of
event: Progress:  `
event: Progress: a
event: Progress:  +
event: Progress:  b
event: Progress: `.
event: Progress:  Let
event: Progress:  me
event: Progress:  fix
event: Progress:  it
event: Progress: .
event: Progress: message_end
event: Tool: Pi edit proposed
event: PermissionRequest: Pi requests edit: C:/Users/User/AppData/Local/Temp/project-pipeline-worktrees/d979dac2a1d7144a/0573e932-8489-4f0b-8c6b-0fb6389b05e8/src/lib.rs
event: Tool: Pi edit finished
event: Progress: message_start
event: Progress: message_end
event: Progress: turn_start
event: Progress: message_start
event: Progress: Now
event: Progress:  let
event: Progress:  me
event: Progress:  run
event: Progress:  the
event: Progress:  test
event: Progress:  with
event: Progress:  output
event: Progress:  redirected
event: Progress:  to
event: Progress:  test
event: Progress: -log
event: Progress: .txt
event: Progress:  in
event: Progress:  the
event: Progress:  checkout
event: Progress: .
event: Progress: message_end
event: Tool: Pi bash proposed
permission pending: 56fde186-1863-4248-b98b-5e02c827738d: Pi requests bash: cd /c/Users/User/AppData/Local/Temp/project-pipeline-worktrees/d979dac2a1d7144a/0573e932-8489-4f0b-8c6b-0fb6389b05e8 && cargo test 2>&1 | tee test-log.txt
event: PermissionRequest: Pi requests bash: cd /c/Users/User/AppData/Local/Temp/project-pipeline-worktrees/d979dac2a1d7144a/0573e932-8489-4f0b-8c6b-0fb6389b05e8 && cargo test 2>&1 | tee test-log.txt
permission resolved: 56fde186-1863-4248-b98b-5e02c827738d
event: Pi permission 56fde186-1863-4248-b98b-5e02c827738d: AllowedOnce
event: Tool: Pi bash finished
event: Progress: message_start
event: Progress: message_end
event: Progress: turn_start
event: Progress: message_start
event: Progress: Test
event: Progress:  passes
event: Progress: .
event: Progress:  Now
event: Progress:  let
event: Progress:  me
event: Progress:  compute
event: Progress:  the
event: Progress:  SHA
event: Progress: -
event: Progress: 2
event: Progress: 5
event: Progress: 6
event: Progress:  of
event: Progress:  the
event: Progress:  test
event: Progress:  log
event: Progress:  and
event: Progress:  attach
event: Progress:  it
event: Progress:  as
event: Progress:  an
event: Progress:  artifact
event: Progress: .
event: Progress: message_end
event: Tool: Pi bash proposed
permission pending: 5f6d0904-6b71-45f6-9696-c9e70d759820: Pi requests bash: sha256sum /c/Users/User/AppData/Local/Temp/project-pipeline-worktrees/d979dac2a1d7144a/0573e932-8489-4f0b-8c6b-0fb6389b05e8/test-log.txt
event: PermissionRequest: Pi requests bash: sha256sum /c/Users/User/AppData/Local/Temp/project-pipeline-worktrees/d979dac2a1d7144a/0573e932-8489-4f0b-8c6b-0fb6389b05e8/test-log.txt
permission resolved: 5f6d0904-6b71-45f6-9696-c9e70d759820
event: Pi permission 5f6d0904-6b71-45f6-9696-c9e70d759820: AllowedOnce
event: Tool: Pi bash finished
event: Progress: message_start
event: Progress: message_end
event: Progress: turn_start
event: Progress: message_start
event: Progress: message_end
event: Progress: agent_start
event: Progress: turn_start
event: Progress: message_start
event: Progress: message_end
event: Progress: agent_start
event: Progress: turn_start
event: Progress: message_start
event: Progress: message_end
event: Progress: agent_start
event: Progress: turn_start
event: Progress: message_start
event: Progress: message_end
Pi protocol or extension error: auto_retry_end
