run started: 1fdf7b13-17e6-4c40-89a5-ae9a1d12c815
event: Progress: agent_start
event: Progress: turn_start
event: Progress: message_start
event: Progress: message_end
event: Progress: message_start
event: Progress: message_end
event: Progress: message_start
event: Progress: message_end
event: Tool: Pi bash proposed
permission pending: 1f1a29b1-828a-4928-a263-38246f05ba4d: Pi requests bash: ls -la
event: PermissionRequest: Pi requests bash: ls -la
permission resolved: 1f1a29b1-828a-4928-a263-38246f05ba4d
event: Pi permission 1f1a29b1-828a-4928-a263-38246f05ba4d: AllowedOnce
event: Tool: Pi bash finished
event: Progress: message_start
event: Progress: message_end
event: Progress: turn_start
event: Progress: message_start
event: Progress: message_end
event: Tool: Pi bash proposed
permission pending: e9fdaa9a-4ca6-4479-80cb-b00988945cba: Pi requests bash: ls -la src/
event: PermissionRequest: Pi requests bash: ls -la src/
permission resolved: e9fdaa9a-4ca6-4479-80cb-b00988945cba
event: Pi permission e9fdaa9a-4ca6-4479-80cb-b00988945cba: AllowedOnce
event: Tool: Pi bash finished
event: Progress: message_start
event: Progress: message_end
event: Progress: turn_start
event: Progress: message_start
event: Progress: message_end
event: Tool: Pi read proposed
event: PermissionRequest: Pi requests read: src/lib.rs
event: Tool: Pi read finished
event: Progress: message_start
event: Progress: message_end
event: Progress: turn_start
event: Progress: message_start
event: Progress: message_end
event: Tool: Pi edit proposed
event: PermissionRequest: Pi requests edit: src/lib.rs
event: Tool: Pi edit finished
event: Progress: message_start
event: Progress: message_end
event: Progress: turn_start
event: Progress: message_start
event: Progress: message_end
event: Tool: Pi bash proposed
permission pending: 1a4e7d80-a71e-4d92-a62e-6e3bf0d85920: Pi requests bash: cargo test
event: PermissionRequest: Pi requests bash: cargo test
permission resolved: 1a4e7d80-a71e-4d92-a62e-6e3bf0d85920
event: Pi permission 1a4e7d80-a71e-4d92-a62e-6e3bf0d85920: AllowedOnce
event: Tool: Pi bash finished
event: Progress: message_start
event: Progress: message_end
event: Progress: turn_start
event: Progress: message_start
event: Progress: message_end
event: Tool: Pi bash proposed
permission pending: baa78dd6-9fb8-4e94-b93a-4696ca4a62e4: Pi requests bash: git status
event: PermissionRequest: Pi requests bash: git status
permission resolved: baa78dd6-9fb8-4e94-b93a-4696ca4a62e4
event: Pi permission baa78dd6-9fb8-4e94-b93a-4696ca4a62e4: AllowedOnce
event: Tool: Pi bash finished
event: Progress: message_start
event: Progress: message_end
event: Progress: turn_start
event: Progress: message_start
event: Progress: message_end
event: Tool: Pi bash proposed
permission pending: c0060fc2-69b6-4a11-8310-bee858892a8d: Pi requests bash: env | findstr PIPELINE
event: PermissionRequest: Pi requests bash: env | findstr PIPELINE
permission resolved: c0060fc2-69b6-4a11-8310-bee858892a8d
event: Pi permission c0060fc2-69b6-4a11-8310-bee858892a8d: Denied
event: Tool: Pi bash finished
event: Progress: message_start
event: Progress: message_end
event: Progress: turn_start
event: Progress: message_start
event: Progress: message_end
event: Tool: Pi bash proposed
permission pending: e577c29b-f3a7-402b-af0b-8cb5f96fd9d0: Pi requests bash: git diff src/lib.rs
event: PermissionRequest: Pi requests bash: git diff src/lib.rs
permission resolved: e577c29b-f3a7-402b-af0b-8cb5f96fd9d0
event: Pi permission e577c29b-f3a7-402b-af0b-8cb5f96fd9d0: AllowedOnce
event: Tool: Pi bash finished
event: Progress: message_start
event: Progress: message_end
event: Progress: turn_start
event: Progress: message_start
event: Progress: message_end
event: Tool: Pi bash proposed
permission pending: 85327670-23c2-4d74-bdc8-e78dd4f98c9b: Pi requests bash: date > test-log.txt && echo "=== Addition Function Fix ===" >> test-log.txt && echo "Fixed add function in src/lib.rs" >> test-log.txt && echo "Changed from: a 
event: PermissionRequest: Pi requests bash: date > test-log.txt && echo "=== Addition Function Fix ===" >> test-log.txt && echo "Fixed add function in src/lib.rs" >> test-log.txt && echo "Changed from: a 
permission resolved: 85327670-23c2-4d74-bdc8-e78dd4f98c9b
event: Pi permission 85327670-23c2-4d74-bdc8-e78dd4f98c9b: Denied
event: Tool: Pi bash finished
event: Progress: message_start
event: Progress: message_end
event: Progress: turn_start
event: Progress: message_start
event: Progress: message_end
event: Tool: Pi bash proposed
permission pending: f672c2cb-6a59-424d-a435-d246fbaf28dc: Pi requests bash: cat > test-log.txt << 'EOF'
=== Addition Function Fix ===
Fixed add function in src/lib.rs
Changed from: a - b to: a + b
Test execution: PASSED
Test: addition()
event: PermissionRequest: Pi requests bash: cat > test-log.txt << 'EOF'
=== Addition Function Fix ===
Fixed add function in src/lib.rs
Changed from: a - b to: a + b
Test execution: PASSED
Test: addition()
permission resolved: f672c2cb-6a59-424d-a435-d246fbaf28dc
event: Pi permission f672c2cb-6a59-424d-a435-d246fbaf28dc: Denied
event: Tool: Pi bash finished
event: Progress: message_start
event: Progress: message_end
event: Progress: turn_start
event: Progress: message_start
event: Progress: message_end
event: Tool: Pi bash proposed
permission pending: 640e34e3-5af8-43ac-9e2d-5db61fa4371f: Pi requests bash: git rev-parse HEAD
event: PermissionRequest: Pi requests bash: git rev-parse HEAD
permission resolved: 640e34e3-5af8-43ac-9e2d-5db61fa4371f
event: Pi permission 640e34e3-5af8-43ac-9e2d-5db61fa4371f: AllowedOnce
event: Tool: Pi bash finished
event: Progress: message_start
event: Progress: message_end
event: Progress: turn_start
event: Progress: message_start
event: Progress: message_end
event: Tool: Pi write proposed
event: PermissionRequest: Pi requests write: project-pipeline-submission.json
event: Tool: Pi write finished
event: Progress: message_start
event: Progress: message_end
event: Progress: turn_start
event: Progress: message_start
event: Progress: message_end
event: Tool: Pi bash proposed
permission pending: 97cb3884-3c93-40dc-a960-5aec4f27eef2: Pi requests bash: rm project-pipeline-submission.json
event: PermissionRequest: Pi requests bash: rm project-pipeline-submission.json
permission resolved: 97cb3884-3c93-40dc-a960-5aec4f27eef2
event: Pi permission 97cb3884-3c93-40dc-a960-5aec4f27eef2: AllowedOnce
event: Tool: Pi bash finished
event: Progress: message_start
event: Progress: message_end
event: Progress: turn_start
event: Progress: message_start
event: Progress: message_end
event: Tool: Pi bash proposed
permission pending: ce71f4ec-cc25-4d96-aa94-a2ceedfc06cb: Pi requests bash: rm -f test-log.txt
event: PermissionRequest: Pi requests bash: rm -f test-log.txt
permission resolved: ce71f4ec-cc25-4d96-aa94-a2ceedfc06cb
event: Pi permission ce71f4ec-cc25-4d96-aa94-a2ceedfc06cb: Denied
event: Tool: Pi bash finished
event: Progress: message_start
event: Progress: message_end
event: Progress: turn_start
event: Progress: message_start
event: Progress: message_end
event: Tool: Pi bash proposed
permission pending: df78c231-c806-4a87-965d-022c6bc37a9a: Pi requests bash: git status && git diff src/lib.rs
event: PermissionRequest: Pi requests bash: git status && git diff src/lib.rs
permission resolved: df78c231-c806-4a87-965d-022c6bc37a9a
event: Pi permission df78c231-c806-4a87-965d-022c6bc37a9a: AllowedOnce
event: Tool: Pi bash finished
event: Progress: message_start
event: Progress: message_end
event: Progress: turn_start
Pi protocol or extension error: Pi model-call limit reached before provider request
